

Sun Feb  1 09:33:37 2015
Command line: TestDisk

TestDisk 6.13, Data Recovery Utility, November 2011
Christophe GRENIER <grenier@cgsecurity.org>
http://www.cgsecurity.org
OS: Linux, kernel 3.14-kali1-amd64 (#1 SMP Debian 3.14.5-1kali1 (2014-06-07)) x86_64
Compiler: GCC 4.6
Compilation date: 2012-01-17T14:04:23
ext2fs lib: 1.42.5, ntfs lib: 10:0:0, reiserfs lib: none, ewf lib: none
/dev/sda: LBA, HPA, LBA48, DCO support
/dev/sda: size       1953525168 sectors
/dev/sda: user_max   1953525168 sectors
/dev/sda: native_max 1953525168 sectors
/dev/sda: dco        1953525168 sectors
Warning: can't get size for Disk /dev/mapper/control - 0 B - CHS 1 1 1, sector size=512
Hard disk list
Disk /dev/sda - 1000 GB / 931 GiB - CHS 121601 255 63, sector size=512 - ST1000LM024 HN-M101MBB, S/N:S2WZJ90C623940, FW:2AR20002
Disk /dev/sdc - 1000 GB / 931 GiB - CHS 121601 255 63, sector size=512 - Seagate Backup+ BK, FW:0836

Partition table type (auto): Intel
Disk /dev/sdc - 1000 GB / 931 GiB - Seagate Backup+ BK
Partition table type: Intel

Analyse Disk /dev/sdc - 1000 GB / 931 GiB - CHS 121601 255 63
Geometry from i386 MBR: head=255 sector=63
NTFS at 0/32/33
Current partition structure:
 1 P HPFS - NTFS              0  32 33 121601  80 59 1953523116 [DRA_APRIL2014]
No partition is bootable
Ask the user for vista mode
Computes LBA from CHS for Disk /dev/sdc - 1000 GB / 931 GiB - CHS 121602 255 63
Allow partial last cylinder : Yes
search_vista_part: 1

search_part()
Disk /dev/sdc - 1000 GB / 931 GiB - CHS 121602 255 63
NTFS at 0/32/33
filesystem size           1953523116
sectors_per_cluster       8
mft_lcn                   786432
mftmirr_lcn               2
clusters_per_mft_record   -10
clusters_per_index_record 1
     HPFS - NTFS              0  32 33 121601  80 59 1953523116 [DRA_APRIL2014]
     NTFS, 1000 GB / 931 GiB

Results
   L HPFS - NTFS              0  32 33 121601 254 63 1953534082 [DRA_APRIL2014]
     NTFS, 1000 GB / 931 GiB
ntfs_device_testdisk_io_ioctl() unimplemented
NTFS Volume is dirty.


dir_partition inode=5
   L HPFS - NTFS              0  32 33 121601 254 63 1953534082 [DRA_APRIL2014]
     NTFS, 1000 GB / 931 GiB
Directory /
       5 dr-xr-xr-x     0      0         0  1-Feb-2015 09:09 .
       5 dr-xr-xr-x     0      0         0  1-Feb-2015 09:09 ..
   17632 dr-xr-xr-x     0      0         0  1-Feb-2015 09:09 .Trash-1000
    2258 dr-xr-xr-x     0      0         0  1-Feb-2015 09:14 Media
Change partition type:
   L HPFS - NTFS              0  32 33 121601 254 63 1953534082 [DRA_APRIL2014]
     NTFS, 1000 GB / 931 GiB

interface_write()
 1 E extended LBA             0  32  1 121601 254 63 1953534114
 5 L HPFS - NTFS              0  32 33 121601 254 63 1953534082 [DRA_APRIL2014]
write!

write_mbr_i386: starting...
write_all_log_i386: starting...
write_all_log_i386: CHS: 0/32/1,lba=2016
You will have to reboot for the change to take effect.
SIGINT detected! TestDisk has been killed.
